
> frontend@0.0.0 build
> vite build

[36mvite v6.2.2 [32mbuilding for production...[36m[39m
transforming...
node.exe : Browserslist: browsers data (caniuse-lite) is 15 months old. Please run:
At C:\Users\Administrator\AppData\Roaming\npm\npm.ps1:24 char:5
+     & "node$exe"  "$basedir/node_modules/npm/bin/npm-cli.js" $args
+     ~~~~~~~~~~~~~~~~~~~~~~~~~~~~~~~~~~~~~~~~~~~~~~~~~~~~~~~~~~~~~~
    + CategoryInfo          : NotSpecified: (Browserslist: b...ld. Please run::String) [], RemoteException
    + FullyQualifiedErrorId : NativeCommandError
 
  npx update-browserslist-db@latest
  Why you should do it regularly: https://github.com/browserslist/update-db#readme
[32m✓[39m 2833 modules transformed.
[31m✗[39m Build failed in 2.80s
[31merror during build:
[31msrc/components/layout/PageWrapper.jsx (12:9): "StatsCard" is not exported by 
"src/components/data-display/StatsCard.jsx", imported by "src/components/layout/PageWrapper.jsx".[31m
file: [36mZ:/Github Projects/BCA Final Sem Project/petrol-bunk-management-system  
Code/frontend/src/components/layout/PageWrapper.jsx:12:9[31m
[33m
10: import EditModalForm from "../forms/EditModalForm";
11: import DeleteRow from "../feedback/DeleteRow";
12: import { StatsCard } from "../data-display/StatsCard";
             ^
13: import { statsConfigs } from "../data-display/StatsCard";
14: import { fetchData, createItem, updateItem, deleteItem, fetchFilteredData } from "../../utils/apiUtils";
[31m
    at getRollupError (file:///Z:/Github%20Projects/BCA%20Final%20Sem%20Project/petrol-bunk-management-system%20%20Code
/frontend/node_modules/rollup/dist/es/shared/parseAst.js:396:41)
    at error (file:///Z:/Github%20Projects/BCA%20Final%20Sem%20Project/petrol-bunk-management-system%20%20Code/frontend
/node_modules/rollup/dist/es/shared/parseAst.js:392:42)
    at Module.error (file:///Z:/Github%20Projects/BCA%20Final%20Sem%20Project/petrol-bunk-management-system%20%20Code/f
rontend/node_modules/rollup/dist/es/shared/node-entry.js:15715:16)
    at Module.traceVariable (file:///Z:/Github%20Projects/BCA%20Final%20Sem%20Project/petrol-bunk-management-system%20%
20Code/frontend/node_modules/rollup/dist/es/shared/node-entry.js:16164:29)
    at ModuleScope.findVariable (file:///Z:/Github%20Projects/BCA%20Final%20Sem%20Project/petrol-bunk-management-system
%20%20Code/frontend/node_modules/rollup/dist/es/shared/node-entry.js:13886:39)
    at ReturnValueScope.findVariable (file:///Z:/Github%20Projects/BCA%20Final%20Sem%20Project/petrol-bunk-management-s
ystem%20%20Code/frontend/node_modules/rollup/dist/es/shared/node-entry.js:5305:38)
    at FunctionBodyScope.findVariable (file:///Z:/Github%20Projects/BCA%20Final%20Sem%20Project/petrol-bunk-management-
system%20%20Code/frontend/node_modules/rollup/dist/es/shared/node-entry.js:5305:38)
    at ReturnValueScope.findVariable (file:///Z:/Github%20Projects/BCA%20Final%20Sem%20Project/petrol-bunk-management-s
ystem%20%20Code/frontend/node_modules/rollup/dist/es/shared/node-entry.js:5305:38)
    at FunctionBodyScope.findVariable (file:///Z:/Github%20Projects/BCA%20Final%20Sem%20Project/petrol-bunk-management-
system%20%20Code/frontend/node_modules/rollup/dist/es/shared/node-entry.js:5305:38)
    at Identifier.bind (file:///Z:/Github%20Projects/BCA%20Final%20Sem%20Project/petrol-bunk-management-system%20%20Cod
e/frontend/node_modules/rollup/dist/es/shared/node-entry.js:5088:40)[39m
